// Jest Snapshot v1, https://goo.gl/fbAQLP

exports[`Nav testing Button renders correctly 1`] = `
<nav
  className="nav"
>
  <ul
    className="nav__list"
  >
    <li
      className="nav__item"
    >
      <a
        aria-current={null}
        className="nav__link"
        href="/game"
        onClick={[Function]}
      >
        <button
          className="button-component"
          type="button"
        >
          <span>
            Играть
          </span>
        </button>
      </a>
    </li>
    <li
      className="nav__item"
    >
      <a
        aria-current={null}
        className="nav__link"
        href="/forum"
        onClick={[Function]}
      >
        <span>
          Форум
        </span>
      </a>
    </li>
    <li
      className="nav__item"
    >
      <a
        aria-current={null}
        className="nav__link"
        href="/leaderboard"
        onClick={[Function]}
      >
        <span>
          Лидеры
        </span>
      </a>
    </li>
    <li
      className="nav__item"
    >
      <a
        aria-current={null}
        className="nav__link"
        href="/profile"
        onClick={[Function]}
      >
        <span>
          Профиль
        </span>
      </a>
    </li>
    <li
      className="nav__item nav__full-screen"
    >
      <button
        className="button-component"
        onClick={[Function]}
        type="button"
      >
        Полноэкранный режим
      </button>
    </li>
  </ul>
</nav>
`;
